Archive member included to satisfy reference by file (symbol)

/usr/lib/gcc/arm-none-eabi/9.2.1/../../../arm-none-eabi/lib/thumb/v7e-m+fp/hard/libm.a(lib_a-wf_exp.o)
                              bin/training_fully_connected.o (expf)
/usr/lib/gcc/arm-none-eabi/9.2.1/../../../arm-none-eabi/lib/thumb/v7e-m+fp/hard/libm.a(lib_a-wf_log.o)
                              bin/training_fully_connected.o (logf)
/usr/lib/gcc/arm-none-eabi/9.2.1/../../../arm-none-eabi/lib/thumb/v7e-m+fp/hard/libm.a(lib_a-ef_exp.o)
                              /usr/lib/gcc/arm-none-eabi/9.2.1/../../../arm-none-eabi/lib/thumb/v7e-m+fp/hard/libm.a(lib_a-wf_exp.o) (__ieee754_expf)
/usr/lib/gcc/arm-none-eabi/9.2.1/../../../arm-none-eabi/lib/thumb/v7e-m+fp/hard/libm.a(lib_a-ef_log.o)
                              /usr/lib/gcc/arm-none-eabi/9.2.1/../../../arm-none-eabi/lib/thumb/v7e-m+fp/hard/libm.a(lib_a-wf_log.o) (__ieee754_logf)
/usr/lib/gcc/arm-none-eabi/9.2.1/../../../arm-none-eabi/lib/thumb/v7e-m+fp/hard/libm.a(lib_a-s_lib_ver.o)
                              /usr/lib/gcc/arm-none-eabi/9.2.1/../../../arm-none-eabi/lib/thumb/v7e-m+fp/hard/libm.a(lib_a-wf_exp.o) (__fdlib_version)
/usr/lib/gcc/arm-none-eabi/9.2.1/../../../arm-none-eabi/lib/thumb/v7e-m+fp/hard/libm.a(lib_a-sf_finite.o)
                              /usr/lib/gcc/arm-none-eabi/9.2.1/../../../arm-none-eabi/lib/thumb/v7e-m+fp/hard/libm.a(lib_a-wf_exp.o) (finitef)
/usr/lib/gcc/arm-none-eabi/9.2.1/../../../arm-none-eabi/lib/thumb/v7e-m+fp/hard/libm.a(lib_a-sf_nan.o)
                              /usr/lib/gcc/arm-none-eabi/9.2.1/../../../arm-none-eabi/lib/thumb/v7e-m+fp/hard/libm.a(lib_a-wf_log.o) (nanf)
/usr/lib/gcc/arm-none-eabi/9.2.1/../../../arm-none-eabi/lib/thumb/v7e-m+fp/hard/libc.a(lib_a-errno.o)
                              /usr/lib/gcc/arm-none-eabi/9.2.1/../../../arm-none-eabi/lib/thumb/v7e-m+fp/hard/libm.a(lib_a-wf_exp.o) (__errno)
/usr/lib/gcc/arm-none-eabi/9.2.1/../../../arm-none-eabi/lib/thumb/v7e-m+fp/hard/libc.a(lib_a-impure.o)
                              /usr/lib/gcc/arm-none-eabi/9.2.1/../../../arm-none-eabi/lib/thumb/v7e-m+fp/hard/libc.a(lib_a-errno.o) (_impure_ptr)
/usr/lib/gcc/arm-none-eabi/9.2.1/../../../arm-none-eabi/lib/thumb/v7e-m+fp/hard/libc.a(lib_a-memcpy.o)
                              bin/queue.o (memcpy)
/usr/lib/gcc/arm-none-eabi/9.2.1/../../../arm-none-eabi/lib/thumb/v7e-m+fp/hard/libc.a(lib_a-memset.o)
                              bin/launch.o (memset)
/usr/lib/gcc/arm-none-eabi/9.2.1/../../../arm-none-eabi/lib/thumb/v7e-m+fp/hard/libc.a(lib_a-rand.o)
                              bin/training_conv.o (srand)
/usr/lib/gcc/arm-none-eabi/9.2.1/../../../arm-none-eabi/lib/thumb/v7e-m+fp/hard/libc.a(lib_a-time.o)
                              bin/training_conv.o (time)
/usr/lib/gcc/arm-none-eabi/9.2.1/../../../arm-none-eabi/lib/thumb/v7e-m+fp/hard/libc.a(lib_a-gettimeofdayr.o)
                              /usr/lib/gcc/arm-none-eabi/9.2.1/../../../arm-none-eabi/lib/thumb/v7e-m+fp/hard/libc.a(lib_a-time.o) (_gettimeofday_r)
/usr/lib/gcc/arm-none-eabi/9.2.1/../../../arm-none-eabi/lib/thumb/v7e-m+fp/hard/libc.a(lib_a-reent.o)
                              /usr/lib/gcc/arm-none-eabi/9.2.1/../../../arm-none-eabi/lib/thumb/v7e-m+fp/hard/libc.a(lib_a-gettimeofdayr.o) (errno)
/usr/lib/gcc/arm-none-eabi/9.2.1/../../../arm-none-eabi/lib/thumb/v7e-m+fp/hard/libc.a(lib_a-freer.o)
                              /usr/lib/gcc/arm-none-eabi/9.2.1/../../../arm-none-eabi/lib/thumb/v7e-m+fp/hard/libc.a(lib_a-reent.o) (_free_r)
/usr/lib/gcc/arm-none-eabi/9.2.1/../../../arm-none-eabi/lib/thumb/v7e-m+fp/hard/libc.a(lib_a-mallocr.o)
                              /usr/lib/gcc/arm-none-eabi/9.2.1/../../../arm-none-eabi/lib/thumb/v7e-m+fp/hard/libc.a(lib_a-freer.o) (__malloc_current_mallinfo)
/usr/lib/gcc/arm-none-eabi/9.2.1/../../../arm-none-eabi/lib/thumb/v7e-m+fp/hard/libc.a(lib_a-mlock.o)
                              /usr/lib/gcc/arm-none-eabi/9.2.1/../../../arm-none-eabi/lib/thumb/v7e-m+fp/hard/libc.a(lib_a-freer.o) (__malloc_lock)
/usr/lib/gcc/arm-none-eabi/9.2.1/../../../arm-none-eabi/lib/thumb/v7e-m+fp/hard/libc.a(lib_a-sbrkr.o)
                              /usr/lib/gcc/arm-none-eabi/9.2.1/../../../arm-none-eabi/lib/thumb/v7e-m+fp/hard/libc.a(lib_a-freer.o) (_sbrk_r)
/usr/lib/gcc/arm-none-eabi/9.2.1/thumb/v7e-m+fp/hard/libgcc.a(_arm_muldf3.o)
                              bin/training_fully_connected.o (__aeabi_dmul)
/usr/lib/gcc/arm-none-eabi/9.2.1/thumb/v7e-m+fp/hard/libgcc.a(_arm_addsubdf3.o)
                              bin/training_fully_connected.o (__aeabi_dsub)
/usr/lib/gcc/arm-none-eabi/9.2.1/thumb/v7e-m+fp/hard/libgcc.a(_arm_muldivdf3.o)
                              bin/training_fully_connected.o (__aeabi_ddiv)
/usr/lib/gcc/arm-none-eabi/9.2.1/thumb/v7e-m+fp/hard/libgcc.a(_arm_truncdfsf2.o)
                              bin/am_util_stdio.o (__aeabi_d2f)
../../../bsp/gcc/bin/libam_bsp.a(am_bsp.o)
[...]
Memory Configuration

Name             Origin             Length             Attributes
ROMEM            0x000000000000c000 0x00000000000f4000 xr
RWMEM            0x0000000010000000 0x0000000000060000 xrw
*default*        0x0000000000000000 0xffffffffffffffff

Linker script and memory map


.text           0x000000000000c000     0xb7b4
                0x000000000000c000                . = ALIGN (0x4)
 *(.isr_vector)
 .isr_vector    0x000000000000c000       0xc0 bin/startup_gcc.o
                0x000000000000c000                g_am_pfnVectors
 *(.patch)
 .patch         0x000000000000c0c0       0x40 bin/startup_gcc.o
                0x000000000000c0c0                __Patchable
 *(.text)
 .text          0x000000000000c100       0xa0 /usr/lib/gcc/arm-none-eabi/9.2.1/../../../arm-none-eabi/lib/thumb/v7e-m+fp/hard/libc.a(lib_a-memset.o)
                0x000000000000c100                memset
 .text          0x000000000000c1a0      0x378 /usr/lib/gcc/arm-none-eabi/9.2.1/thumb/v7e-m+fp/hard/libgcc.a(_arm_addsubdf3.o)
                0x000000000000c1a0                __aeabi_drsub
                0x000000000000c1a8                __aeabi_dsub
                0x000000000000c1a8                __subdf3
                0x000000000000c1ac                __adddf3
                0x000000000000c1ac                __aeabi_dadd
                0x000000000000c424                __aeabi_ui2d
                0x000000000000c424                __floatunsidf
                0x000000000000c444                __floatsidf
                0x000000000000c444                __aeabi_i2d
                0x000000000000c468                __extendsfdf2
                0x000000000000c468                __aeabi_f2d
                0x000000000000c4ac                __aeabi_ul2d
                0x000000000000c4ac                __floatundidf
                0x000000000000c4bc                __floatdidf
                0x000000000000c4bc                __aeabi_l2d
 .text          0x000000000000c518      0x424 /usr/lib/gcc/arm-none-eabi/9.2.1/thumb/v7e-m+fp/hard/libgcc.a(_arm_muldivdf3.o)
                0x000000000000c518                __aeabi_dmul
                0x000000000000c518                __muldf3
                0x000000000000c76c                __aeabi_ddiv
                0x000000000000c76c                __divdf3
 .text          0x000000000000c93c       0xa0 /usr/lib/gcc/arm-none-eabi/9.2.1/thumb/v7e-m+fp/hard/libgcc.a(_arm_truncdfsf2.o)
                0x000000000000c93c                __aeabi_d2f
                0x000000000000c93c                __truncdfsf2
 *(.text*)
 .text.set_low_power
                0x000000000000c9dc       0x2c bin/deepsleep_wake.o
                0x000000000000c9dc                set_low_power
 .text.set_buttons_and_leds
                0x000000000000ca08       0x68 bin/deepsleep_wake.o
                0x000000000000ca08                set_buttons_and_leds
 .text.am_gpio_isr
                0x000000000000ca70       0x40 bin/deepsleep_wake.o
                0x000000000000ca70                am_gpio_isr
 .text.startup.main
                0x000000000000cab0       0x68 bin/deepsleep_wake.o
                0x000000000000cab0                main
 .text.HardFault_Handler
                0x000000000000cb18       0x1c bin/am_util_faultisr.o
                0x000000000000cb18                HardFault_Handler
 .text.getStackedReg
                0x000000000000cb34        0x8 bin/am_util_faultisr.o
                0x000000000000cb34                getStackedReg
 .text.am_util_faultisr_collect_data
                0x000000000000cb3c       0xc4 bin/am_util_faultisr.o
                0x000000000000cb3c                am_util_faultisr_collect_data
 .text.am_devices_led_array_init
                0x000000000000cc00       0x54 bin/am_devices_led.o
                0x000000000000cc00                am_devices_led_array_init
 .text.am_devices_led_off
                0x000000000000cc54       0x30 bin/am_devices_led.o
                0x000000000000cc54                am_devices_led_off
 .text.pvPortMalloc
                0x000000000000cc84       0xbc bin/heap_2.o
                0x000000000000cc84                pvPortMalloc
 .text.vPortFree
                0x000000000000cd40       0x40 bin/heap_2.o
                0x000000000000cd40                vPortFree
 .text.vListInsertEnd
                0x000000000000cd80       0x20 bin/list.o
                0x000000000000cd80                vListInsertEnd
 .text.uxListRemove
                0x000000000000cda0       0x28 bin/list.o
                0x000000000000cda0                uxListRemove
 .text.vTaskSuspendAll
                0x000000000000cdc8       0x10 bin/tasks.o
                0x000000000000cdc8                vTaskSuspendAll
 .text.xTaskIncrementTick
                0x000000000000cdd8      0x13c bin/tasks.o
                0x000000000000cdd8                xTaskIncrementTick
 .text.xTaskResumeAll.part.0
                0x000000000000cf14      0x120 bin/tasks.o
 .text.xTaskResumeAll
                0x000000000000d034       0x10 bin/tasks.o
                0x000000000000d034                xTaskResumeAll
 .text.vTaskSwitchContext
                0x000000000000d044       0xa0 bin/tasks.o
                0x000000000000d044                vTaskSwitchContext
 *fill*         0x000000000000d0e4        0xc 
 .text.SVC_Handler
                0x000000000000d0f0       0x24 bin/port.o
                0x000000000000d0f0                SVC_Handler
 .text.vPortEnterCritical
                0x000000000000d114       0x34 bin/port.o
                0x000000000000d114                vPortEnterCritical
 .text.vPortExitCritical
                0x000000000000d148       0x18 bin/port.o
                0x000000000000d148                vPortExitCritical
 .text.PendSV_Handler
                0x000000000000d160       0x64 bin/port.o
                0x000000000000d160                PendSV_Handler
 .text.SysTick_Handler
                0x000000000000d1c4       0x2c bin/port.o
                0x000000000000d1c4                SysTick_Handler
 .text.xPortStimerTickHandler
                0x000000000000d1f0       0x80 bin/port.o
                0x000000000000d1f0                xPortStimerTickHandler
 .text.am_stimer_cmpr0_isr
                0x000000000000d270       0x20 bin/port.o
                0x000000000000d270                am_stimer_cmpr0_isr
 .text.am_stimer_cmpr1_isr
                0x000000000000d290       0x2c bin/port.o
                0x000000000000d290                am_stimer_cmpr1_isr
 .text.NMI_Handler
                0x000000000000d2bc        0x4 bin/startup_gcc.o
                0x000000000000d2bc                NMI_Handler
 .text.HardFault_Handler
                0x000000000000d2c0        0x4 bin/startup_gcc.o
                0x000000000000d2c0                UsageFault_Handler
                0x000000000000d2c0                MemManage_Handler
                0x000000000000d2c0                BusFault_Handler
 .text.am_default_isr
                0x000000000000d2c4        0x4 bin/startup_gcc.o
                0x000000000000d2c4                DebugMon_Handler
                0x000000000000d2c4                am_iomaster4_isr
                0x000000000000d2c4                am_rtc_isr
                0x000000000000d2c4                am_stimer_cmpr3_isr
                0x000000000000d2c4                am_adc_isr
                0x000000000000d2c4                am_iomaster3_isr
                0x000000000000d2c4                am_clkgen_isr
                0x000000000000d2c4                am_stimer_isr
                0x000000000000d2c4                am_software0_isr
                0x000000000000d2c4                am_stimer_cmpr5_isr
                0x000000000000d2c4                am_iomaster5_isr
                0x000000000000d2c4                am_pdm0_isr
                0x000000000000d2c4                am_uart_isr
                0x000000000000d2c4                am_ctimer_isr
                0x000000000000d2c4                am_ioslave_acc_isr
                0x000000000000d2c4                am_mspi0_isr
                0x000000000000d2c4                am_stimer_cmpr6_isr
                0x000000000000d2c4                am_iomaster1_isr
                0x000000000000d2c4                am_brownout_isr
                0x000000000000d2c4                am_vcomp_isr
                0x000000000000d2c4                am_iomaster2_isr
                0x000000000000d2c4                am_stimer_cmpr2_isr
                0x000000000000d2c4                am_ioslave_ios_isr
                0x000000000000d2c4                am_uart1_isr
                0x000000000000d2c4                am_stimer_cmpr7_isr
                0x000000000000d2c4                am_scard_isr
                0x000000000000d2c4                am_watchdog_isr
                0x000000000000d2c4                am_iomaster0_isr
                0x000000000000d2c4                am_ble_isr
                0x000000000000d2c4                am_stimer_cmpr4_isr
                0x000000000000d2c4                am_default_isr
 .text.Reset_Handler
                0x000000000000d2c8       0x68 bin/startup_gcc.o
                0x000000000000d2c8                Reset_Handler
 .text.launch   0x000000000000d330      0x430 bin/launch.o
                0x000000000000d330                launch
 .text.Adam_optimizer_init
                0x000000000000d760       0x8c bin/Adam_optimizer.o
                0x000000000000d760                Adam_optimizer_init
 .text.Adam_optimizer_free
                0x000000000000d7ec       0x14 bin/Adam_optimizer.o
                0x000000000000d7ec                Adam_optimizer_free
 .text.Adam_optimizer_step
                0x000000000000d800      0x164 bin/Adam_optimizer.o
                0x000000000000d800                Adam_optimizer_step
 .text.bn_init_pretrained
                0x000000000000d964       0x20 bin/training_batch_norm.o
                0x000000000000d964                bn_init_pretrained
 .text.bn_inference_forward
                0x000000000000d984       0x98 bin/training_batch_norm.o
                0x000000000000d984                bn_inference_forward
 .text.dydx_i_bn_frozen
                0x000000000000da1c       0x2c bin/training_batch_norm.o
                0x000000000000da1c                dydx_i_bn_frozen
 .text.conv1D   0x000000000000da48       0xf4 bin/training_conv.o
                0x000000000000da48                conv1D
 .text.relu     0x000000000000db3c       0x28 bin/training_conv.o
                0x000000000000db3c                relu
 .text.max_pool1D
                0x000000000000db64       0x48 bin/training_conv.o
                0x000000000000db64                max_pool1D
 .text.dydw_column_i_conv1D
                0x000000000000dbac      0x104 bin/training_conv.o
                0x000000000000dbac                dydw_column_i_conv1D
 .text.dLdw_dLdb_conv1D_block_QOID_Norm1
                0x000000000000dcb0      0x288 bin/training_conv.o
                0x000000000000dcb0                dLdw_dLdb_conv1D_block_QOID_Norm1
 .text.update_loss_QOID_Norm1
                0x000000000000df38       0xb8 bin/training_loss_QOID.o
                0x000000000000df38                update_loss_QOID_Norm1
 .text.dLdy1_QOID_Norm1
                0x000000000000dff0      0x110 bin/training_loss_QOID.o
                0x000000000000dff0                dLdy1_QOID_Norm1
 .text.dLdy2_QOID_Norm1
                0x000000000000e100      0x110 bin/training_loss_QOID.o
                0x000000000000e100                dLdy2_QOID_Norm1
 .text.dLdy3_QOID_Norm1
                0x000000000000e210      0x110 bin/training_loss_QOID.o
                0x000000000000e210                dLdy3_QOID_Norm1
 .text.dLdy4_QOID_Norm1
                0x000000000000e320      0x110 bin/training_loss_QOID.o
                0x000000000000e320                dLdy4_QOID_Norm1
 .text.scalar_by_vector_mul
                0x000000000000e430       0x1c bin/utils.o
                0x000000000000e430                scalar_by_vector_mul
 .text.vector_by_vector_mul
                0x000000000000e44c       0x24 bin/utils.o
                0x000000000000e44c                vector_by_vector_mul
 .text.vector_by_vector_mul_elementwise
                0x000000000000e470       0x20 bin/utils.o
                0x000000000000e470                vector_by_vector_mul_elementwise
 .text.vector_by_vector_div_elementwise
                0x000000000000e490       0x24 bin/utils.o
                0x000000000000e490                vector_by_vector_div_elementwise
 .text.vector_sqrt
                0x000000000000e4b4       0x1c bin/utils.o
                0x000000000000e4b4                vector_sqrt
 .text.Sum_Abs_Diff
                0x000000000000e4d0       0x2c bin/utils.o
                0x000000000000e4d0                Sum_Abs_Diff
 .text.am_bsp_low_power_init
                0x000000000000e4fc       0x40 ../../../bsp/gcc/bin/libam_bsp.a(am_bsp.o)
                0x000000000000e4fc                am_bsp_low_power_init
 .text.am_hal_cachectrl_config
                0x000000000000e53c       0x48 ../../../../../mcu/apollo3/hal/gcc/bin/libam_hal.a(am_hal_cachectrl.o)
                0x000000000000e53c                am_hal_cachectrl_config
 .text.am_hal_cachectrl_enable
                0x000000000000e584       0x14 ../../../../../mcu/apollo3/hal/gcc/bin/libam_hal.a(am_hal_cachectrl.o)
                0x000000000000e584                am_hal_cachectrl_enable
 .text.am_hal_cachectrl_control
                0x000000000000e598      0x2f4 ../../../../../mcu/apollo3/hal/gcc/bin/libam_hal.a(am_hal_cachectrl.o)
                0x000000000000e598                am_hal_cachectrl_control
 .text.am_hal_clkgen_control
                0x000000000000e88c      0x138 ../../../../../mcu/apollo3/hal/gcc/bin/libam_hal.a(am_hal_clkgen.o)
                0x000000000000e88c                am_hal_clkgen_control
 .text.am_hal_flash_delay
                0x000000000000e9c4       0x20 ../../../../../mcu/apollo3/hal/gcc/bin/libam_hal.a(am_hal_flash.o)
                0x000000000000e9c4                am_hal_flash_delay
 .text.am_hal_flash_delay_status_check
                0x000000000000e9e4       0x6c ../../../../../mcu/apollo3/hal/gcc/bin/libam_hal.a(am_hal_flash.o)
                0x000000000000e9e4                am_hal_flash_delay_status_check
 .text.am_hal_flash_load_ui32
                0x000000000000ea50        0x8 ../../../../../mcu/apollo3/hal/gcc/bin/libam_hal.a(am_hal_flash.o)
                0x000000000000ea50                am_hal_flash_load_ui32
 .text.am_hal_flash_store_ui32
                0x000000000000ea58        0xc ../../../../../mcu/apollo3/hal/gcc/bin/libam_hal.a(am_hal_flash.o)
                0x000000000000ea58                am_hal_flash_store_ui32
 .text.am_hal_gpio_pinconfig
                0x000000000000ea64      0x26c ../../../../../mcu/apollo3/hal/gcc/bin/libam_hal.a(am_hal_gpio.o)
                0x000000000000ea64                am_hal_gpio_pinconfig
 .text.am_hal_gpio_state_write
                0x000000000000ecd0       0x88 ../../../../../mcu/apollo3/hal/gcc/bin/libam_hal.a(am_hal_gpio.o)
                0x000000000000ecd0                am_hal_gpio_state_write
 .text.am_hal_gpio_interrupt_enable
                0x000000000000ed58       0x40 ../../../../../mcu/apollo3/hal/gcc/bin/libam_hal.a(am_hal_gpio.o)
                0x000000000000ed58                am_hal_gpio_interrupt_enable
 .text.am_hal_gpio_interrupt_clear
                0x000000000000ed98       0x34 ../../../../../mcu/apollo3/hal/gcc/bin/libam_hal.a(am_hal_gpio.o)
                0x000000000000ed98                am_hal_gpio_interrupt_clear
 .text.am_hal_interrupt_master_enable
                0x000000000000edcc        0x8 ../../../../../mcu/apollo3/hal/gcc/bin/libam_hal.a(am_hal_interrupt.o)
                0x000000000000edcc                am_hal_interrupt_master_enable
 .text.am_hal_interrupt_master_disable
                0x000000000000edd4        0x8 ../../../../../mcu/apollo3/hal/gcc/bin/libam_hal.a(am_hal_interrupt.o)
                0x000000000000edd4                am_hal_interrupt_master_disable
 .text.am_hal_interrupt_master_set
                0x000000000000eddc        0x8 ../../../../../mcu/apollo3/hal/gcc/bin/libam_hal.a(am_hal_interrupt.o)
                0x000000000000eddc                am_hal_interrupt_master_set
 .text.am_hal_mcuctrl_info_get
                0x000000000000ede4      0x138 ../../../../../mcu/apollo3/hal/gcc/bin/libam_hal.a(am_hal_mcuctrl.o)
                0x000000000000ede4                am_hal_mcuctrl_info_get
 .text.am_hal_pwrctrl_periph_enable
                0x000000000000ef1c       0x6c ../../../../../mcu/apollo3/hal/gcc/bin/libam_hal.a(am_hal_pwrctrl.o)
                0x000000000000ef1c                am_hal_pwrctrl_periph_enable
 .text.am_hal_pwrctrl_memory_deepsleep_powerdown
                0x000000000000ef88       0x28 ../../../../../mcu/apollo3/hal/gcc/bin/libam_hal.a(am_hal_pwrctrl.o)
                0x000000000000ef88                am_hal_pwrctrl_memory_deepsleep_powerdown
 .text.am_hal_pwrctrl_memory_deepsleep_retain
                0x000000000000efb0       0x2c ../../../../../mcu/apollo3/hal/gcc/bin/libam_hal.a(am_hal_pwrctrl.o)
                0x000000000000efb0                am_hal_pwrctrl_memory_deepsleep_retain
 .text.am_hal_pwrctrl_low_power_init
                0x000000000000efdc      0x194 ../../../../../mcu/apollo3/hal/gcc/bin/libam_hal.a(am_hal_pwrctrl.o)
                0x000000000000efdc                am_hal_pwrctrl_low_power_init
 .text.am_hal_rtc_osc_disable
                0x000000000000f170       0x10 ../../../../../mcu/apollo3/hal/gcc/bin/libam_hal.a(am_hal_rtc.o)
                0x000000000000f170                am_hal_rtc_osc_disable
 .text.am_hal_stimer_counter_get
                0x000000000000f180       0x20 ../../../../../mcu/apollo3/hal/gcc/bin/libam_hal.a(am_hal_stimer.o)
                0x000000000000f180                am_hal_stimer_counter_get
 .text.am_hal_stimer_compare_delta_set
                0x000000000000f1a0       0xb8 ../../../../../mcu/apollo3/hal/gcc/bin/libam_hal.a(am_hal_stimer.o)
                0x000000000000f1a0                am_hal_stimer_compare_delta_set
 .text.am_hal_stimer_int_clear
                0x000000000000f258        0xc ../../../../../mcu/apollo3/hal/gcc/bin/libam_hal.a(am_hal_stimer.o)
                0x000000000000f258                am_hal_stimer_int_clear
 .text.am_hal_stimer_int_status_get
                0x000000000000f264       0x18 ../../../../../mcu/apollo3/hal/gcc/bin/libam_hal.a(am_hal_stimer.o)
                0x000000000000f264                am_hal_stimer_int_status_get
 .text.am_hal_sysctrl_sleep
                0x000000000000f27c       0xc0 ../../../../../mcu/apollo3/hal/gcc/bin/libam_hal.a(am_hal_sysctrl.o)
                0x000000000000f27c                am_hal_sysctrl_sleep
 .text.am_hal_triple_read
                0x000000000000f33c       0x1c ../../../../../mcu/apollo3/hal/gcc/bin/libam_hal.a(am_hal_global.o)
                0x000000000000f33c                am_hal_triple_read
 *(.rodata)
 *(.rodata*)
 .rodata.g_deepsleep_button0
                0x000000000000f358        0x4 bin/deepsleep_wake.o
                0x000000000000f358                g_deepsleep_button0
 .rodata.x_p1   0x000000000000f35c     0x2000 bin/launch.o
                0x000000000000f35c                x_p1
 .rodata.x_p2   0x000000000001135c     0x2000 bin/launch.o
                0x000000000001135c                x_p2
 .rodata.x_p3   0x000000000001335c     0x2000 bin/launch.o
                0x000000000001335c                x_p3
 .rodata.x_p4   0x000000000001535c     0x2000 bin/launch.o
                0x000000000001535c                x_p4
 .rodata.am_hal_cachectrl_defaults
                0x000000000001735c        0x3 ../../../../../mcu/apollo3/hal/gcc/bin/libam_hal.a(am_hal_cachectrl.o)
                0x000000000001735c                am_hal_cachectrl_defaults
 *fill*         0x000000000001735f        0x1 
 .rodata.g_AM_HAL_GPIO_DISABLE
                0x0000000000017360        0x4 ../../../../../mcu/apollo3/hal/gcc/bin/libam_hal.a(am_hal_gpio.o)
                0x0000000000017360                g_AM_HAL_GPIO_DISABLE
 .rodata.g_AM_HAL_GPIO_OUTPUT
                0x0000000000017364        0x4 ../../../../../mcu/apollo3/hal/gcc/bin/libam_hal.a(am_hal_gpio.o)
                0x0000000000017364                g_AM_HAL_GPIO_OUTPUT
 .rodata.g_AM_HAL_GPIO_TRISTATE
                0x0000000000017368        0x4 ../../../../../mcu/apollo3/hal/gcc/bin/libam_hal.a(am_hal_gpio.o)
                0x0000000000017368                g_AM_HAL_GPIO_TRISTATE
 .rodata.g_ui8Bit76Capabilities
                0x000000000001736c       0x32 ../../../../../mcu/apollo3/hal/gcc/bin/libam_hal.a(am_hal_gpio.o)
 *fill*         0x000000000001739e        0x2 
 .rodata.g_ui8Inpen
                0x00000000000173a0       0x32 ../../../../../mcu/apollo3/hal/gcc/bin/libam_hal.a(am_hal_gpio.o)
 *fill*         0x00000000000173d2        0x2 
 .rodata.g_ui8NCEtable
                0x00000000000173d4       0xc8 ../../../../../mcu/apollo3/hal/gcc/bin/libam_hal.a(am_hal_gpio.o)
 .rodata.g_ui8nCEpins
                0x000000000001749c       0x32 ../../../../../mcu/apollo3/hal/gcc/bin/libam_hal.a(am_hal_gpio.o)
 *fill*         0x00000000000174ce        0x2 
 .rodata.g_am_hal_mcuctrl_flash_size
                0x00000000000174d0       0x40 ../../../../../mcu/apollo3/hal/gcc/bin/libam_hal.a(am_hal_mcuctrl.o)
                0x00000000000174d0                g_am_hal_mcuctrl_flash_size
 .rodata.g_am_hal_mcuctrl_sram_size
                0x0000000000017510       0x40 ../../../../../mcu/apollo3/hal/gcc/bin/libam_hal.a(am_hal_mcuctrl.o)
                0x0000000000017510                g_am_hal_mcuctrl_sram_size
 .rodata.am_hal_pwrctrl_memory_control
                0x0000000000017550      0x1b0 ../../../../../mcu/apollo3/hal/gcc/bin/libam_hal.a(am_hal_pwrctrl.o)
                0x0000000000017550                am_hal_pwrctrl_memory_control
 .rodata.am_hal_pwrctrl_peripheral_control
                0x0000000000017700       0xb4 ../../../../../mcu/apollo3/hal/gcc/bin/libam_hal.a(am_hal_pwrctrl.o)
                0x0000000000017700                am_hal_pwrctrl_peripheral_control
                0x00000000000177b4                . = ALIGN (0x4)
                0x00000000000177b4                _etext = .

.glue_7         0x00000000000177b4        0x0
 .glue_7        0x00000000000177b4        0x0 linker stubs

.glue_7t        0x00000000000177b4        0x0
 .glue_7t       0x00000000000177b4        0x0 linker stubs

.vfp11_veneer   0x00000000000177b4        0x0
 .vfp11_veneer  0x00000000000177b4        0x0 linker stubs

.v4_bx          0x00000000000177b4        0x0
 .v4_bx         0x00000000000177b4        0x0 linker stubs

.iplt           0x00000000000177b4        0x0
 .iplt          0x00000000000177b4        0x0 bin/deepsleep_wake.o

.rel.dyn        0x00000000000177b4        0x0
 .rel.iplt      0x00000000000177b4        0x0 bin/deepsleep_wake.o

.stack          0x0000000010000000     0x1000
                0x0000000010000000                . = ALIGN (0x8)
 *(.stack)
 .stack         0x0000000010000000     0x1000 bin/startup_gcc.o
 *(.stack*)
                0x0000000010001000                . = ALIGN (0x8)

.data           0x0000000010001000     0x654c load address 0x00000000000177b4
                0x0000000010001000                . = ALIGN (0x4)
                0x0000000010001000                _sdata = .
 *(.data)
 *(.data*)
 .data.xFreeBytesRemaining
                0x0000000010001000        0x4 bin/heap_2.o
 .data.uxCriticalNesting
                0x0000000010001004        0x4 bin/port.o
 .data.beta_    0x0000000010001008      0x100 bin/launch.o
                0x0000000010001008                beta_
 .data.bias_    0x0000000010001108      0x100 bin/launch.o
                0x0000000010001108                bias_
 .data.filters_
                0x0000000010001208     0x6000 bin/launch.o
                0x0000000010001208                filters_
 .data.gamma_   0x0000000010007208      0x100 bin/launch.o
                0x0000000010007208                gamma_
 .data.mean_    0x0000000010007308      0x100 bin/launch.o
                0x0000000010007308                mean_
 .data.var_     0x0000000010007408      0x100 bin/launch.o
                0x0000000010007408                var_
 .data.x_set    0x0000000010007508       0x10 bin/launch.o
                0x0000000010007508                x_set
 .data.am_bsp_psLEDs
                0x0000000010007518       0x28 ../../../bsp/gcc/bin/libam_bsp.a(am_bsp.o)
                0x0000000010007518                am_bsp_psLEDs
 .data.SRAM_write_ui32
                0x0000000010007540        0xc ../../../../../mcu/apollo3/hal/gcc/bin/libam_hal.a(am_hal_flash.o)
                0x0000000010007540                SRAM_write_ui32
                0x000000001000754c                . = ALIGN (0x4)
                0x000000001000754c                _edata = .
                0x00000000000177b4                _init_data = LOADADDR (.data)

.igot.plt       0x000000001000754c        0x0 load address 0x000000000001dd00
 .igot.plt      0x000000001000754c        0x0 bin/deepsleep_wake.o

.bss            0x000000001000754c    0x4b0d4 load address 0x000000000001dd00
                0x000000001000754c                . = ALIGN (0x4)
                0x000000001000754c                _sbss = .
 *(.bss)
 *(.bss*)
 .bss.ucHeap    0x000000001000754c    0x4b000 bin/heap_2.o
 .bss.xEnd      0x000000001005254c        0x8 bin/heap_2.o
 .bss.xHeapHasBeenInitialised.6193
                0x0000000010052554        0x4 bin/heap_2.o
 .bss.xStart    0x0000000010052558        0x8 bin/heap_2.o
 .bss.pxCurrentTCB
                0x0000000010052560        0x4 bin/tasks.o
                0x0000000010052560                pxCurrentTCB
 .bss.pxDelayedTaskList
                0x0000000010052564        0x4 bin/tasks.o
 .bss.pxOverflowDelayedTaskList
                0x0000000010052568        0x4 bin/tasks.o
 .bss.pxReadyTasksLists
                0x000000001005256c       0x50 bin/tasks.o
 .bss.uxCurrentNumberOfTasks
                0x00000000100525bc        0x4 bin/tasks.o
 .bss.uxPendedTicks
                0x00000000100525c0        0x4 bin/tasks.o
 .bss.uxSchedulerSuspended
                0x00000000100525c4        0x4 bin/tasks.o
 .bss.uxTopReadyPriority
                0x00000000100525c8        0x4 bin/tasks.o
 .bss.xNextTaskUnblockTime
                0x00000000100525cc        0x4 bin/tasks.o
 .bss.xNumOfOverflows
                0x00000000100525d0        0x4 bin/tasks.o
 .bss.xPendingReadyList
                0x00000000100525d4       0x14 bin/tasks.o
 .bss.xTickCount
                0x00000000100525e8        0x4 bin/tasks.o
 .bss.xYieldPending
                0x00000000100525ec        0x4 bin/tasks.o
 .bss.gNumCmpB  0x00000000100525f0        0x4 bin/port.o
                0x00000000100525f0                gNumCmpB
 .bss.g_lastSTimerVal
                0x00000000100525f4        0x4 bin/port.o
 .bss.ulTimerCountsForOneTick
                0x00000000100525f8        0x4 bin/port.o
                0x00000000100525f8                ulTimerCountsForOneTick
 .bss.dist_y1y2
                0x00000000100525fc        0x4 bin/training_loss_QOID.o
 .bss.dist_y1y3
                0x0000000010052600        0x4 bin/training_loss_QOID.o
 .bss.dist_y1y4
                0x0000000010052604        0x4 bin/training_loss_QOID.o
 .bss.dist_y2y3
                0x0000000010052608        0x4 bin/training_loss_QOID.o
 .bss.dist_y2y4
                0x000000001005260c        0x4 bin/training_loss_QOID.o
 .bss.dist_y3y4
                0x0000000010052610        0x4 bin/training_loss_QOID.o
 .bss.gAmHalResetStatus
                0x0000000010052614        0x4 ../../../../../mcu/apollo3/hal/gcc/bin/libam_hal.a(am_hal_reset.o)
                0x0000000010052614                gAmHalResetStatus
 .bss.g_am_hal_sysctrl_sleep_count
                0x0000000010052618        0x4 ../../../../../mcu/apollo3/hal/gcc/bin/libam_hal.a(am_hal_sysctrl.o)
                0x0000000010052618                g_am_hal_sysctrl_sleep_count
 .bss.g_ui32BusWriteFlush
                0x000000001005261c        0x4 ../../../../../mcu/apollo3/hal/gcc/bin/libam_hal.a(am_hal_sysctrl.o)
 *(COMMON)
                0x0000000010052620                . = ALIGN (0x4)
                0x0000000010052620                _ebss = .

.ARM.attributes
                0x0000000000000000       0x32
 *(.ARM.attributes)
 .ARM.attributes
                0x0000000000000000       0x30 bin/deepsleep_wake.o
 .ARM.attributes
                0x0000000000000030       0x30 bin/am_util_faultisr.o
 .ARM.attributes
                0x0000000000000060       0x30 bin/am_devices_led.o
 .ARM.attributes
                0x0000000000000090       0x30 bin/heap_2.o
 .ARM.attributes
                0x00000000000000c0       0x30 bin/list.o
 .ARM.attributes
                0x00000000000000f0       0x30 bin/tasks.o
 .ARM.attributes
                0x0000000000000120       0x30 bin/port.o
 .ARM.attributes
                0x0000000000000150       0x30 bin/startup_gcc.o
 .ARM.attributes
                0x0000000000000180       0x30 bin/launch.o
 .ARM.attributes
                0x00000000000001b0       0x30 bin/Adam_optimizer.o
 .ARM.attributes
                0x00000000000001e0       0x30 bin/training_batch_norm.o
 .ARM.attributes
                0x0000000000000210       0x30 bin/training_conv.o
 .ARM.attributes
                0x0000000000000240       0x30 bin/training_loss_QOID.o
 .ARM.attributes
                0x0000000000000270       0x30 bin/utils.o
 .ARM.attributes
                0x00000000000002a0       0x34 /usr/lib/gcc/arm-none-eabi/9.2.1/../../../arm-none-eabi/lib/thumb/v7e-m+fp/hard/libc.a(lib_a-memset.o)
 .ARM.attributes
                0x00000000000002d4       0x1e /usr/lib/gcc/arm-none-eabi/9.2.1/thumb/v7e-m+fp/hard/libgcc.a(_arm_addsubdf3.o)
 .ARM.attributes
                0x00000000000002f2       0x1e /usr/lib/gcc/arm-none-eabi/9.2.1/thumb/v7e-m+fp/hard/libgcc.a(_arm_muldivdf3.o)
 .ARM.attributes
                0x0000000000000310       0x1e /usr/lib/gcc/arm-none-eabi/9.2.1/thumb/v7e-m+fp/hard/libgcc.a(_arm_truncdfsf2.o)
 .ARM.attributes
                0x000000000000032e       0x34 ../../../bsp/gcc/bin/libam_bsp.a(am_bsp.o)
 .ARM.attributes
                0x0000000000000362       0x34 ../../../../../mcu/apollo3/hal/gcc/bin/libam_hal.a(am_hal_cachectrl.o)
 .ARM.attributes
                0x0000000000000396       0x34 ../../../../../mcu/apollo3/hal/gcc/bin/libam_hal.a(am_hal_clkgen.o)
 .ARM.attributes
                0x00000000000003ca       0x34 ../../../../../mcu/apollo3/hal/gcc/bin/libam_hal.a(am_hal_flash.o)
 .ARM.attributes
                0x00000000000003fe       0x34 ../../../../../mcu/apollo3/hal/gcc/bin/libam_hal.a(am_hal_gpio.o)
 .ARM.attributes
                0x0000000000000432       0x34 ../../../../../mcu/apollo3/hal/gcc/bin/libam_hal.a(am_hal_interrupt.o)
 .ARM.attributes
                0x0000000000000466       0x34 ../../../../../mcu/apollo3/hal/gcc/bin/libam_hal.a(am_hal_mcuctrl.o)
 .ARM.attributes
                0x000000000000049a       0x34 ../../../../../mcu/apollo3/hal/gcc/bin/libam_hal.a(am_hal_pwrctrl.o)
 .ARM.attributes
                0x00000000000004ce       0x34 ../../../../../mcu/apollo3/hal/gcc/bin/libam_hal.a(am_hal_reset.o)
 .ARM.attributes
                0x0000000000000502       0x34 ../../../../../mcu/apollo3/hal/gcc/bin/libam_hal.a(am_hal_rtc.o)
 .ARM.attributes
                0x0000000000000536       0x34 ../../../../../mcu/apollo3/hal/gcc/bin/libam_hal.a(am_hal_stimer.o)
 .ARM.attributes
                0x000000000000056a       0x34 ../../../../../mcu/apollo3/hal/gcc/bin/libam_hal.a(am_hal_sysctrl.o)
 .ARM.attributes
                0x000000000000059e       0x34 ../../../../../mcu/apollo3/hal/gcc/bin/libam_hal.a(am_hal_global.o)
LOAD bin/deepsleep_wake.o
LOAD bin/am_util_delay.o
LOAD bin/am_util_faultisr.o
LOAD bin/am_util_stdio.o
LOAD bin/am_devices_led.o
LOAD bin/heap_2.o
LOAD bin/event_groups.o
LOAD bin/list.o
LOAD bin/queue.o
LOAD bin/tasks.o
LOAD bin/timers.o
LOAD bin/port.o
LOAD bin/startup_gcc.o
LOAD bin/launch.o
LOAD bin/Adam_optimizer.o
LOAD bin/training_batch_norm.o
LOAD bin/training_conv.o
LOAD bin/training_fully_connected.o
LOAD bin/training_loss_QOID.o
LOAD bin/utils.o
START GROUP
LOAD /usr/lib/gcc/arm-none-eabi/9.2.1/../../../arm-none-eabi/lib/thumb/v7e-m+fp/hard/libm.a
LOAD /usr/lib/gcc/arm-none-eabi/9.2.1/../../../arm-none-eabi/lib/thumb/v7e-m+fp/hard/libc.a
LOAD /usr/lib/gcc/arm-none-eabi/9.2.1/thumb/v7e-m+fp/hard/libgcc.a
LOAD ../../../bsp/gcc/bin/libam_bsp.a
LOAD ../../../../../mcu/apollo3/hal/gcc/bin/libam_hal.a
END GROUP
START GROUP
LOAD /usr/lib/gcc/arm-none-eabi/9.2.1/thumb/v7e-m+fp/hard/libgcc.a
LOAD /usr/lib/gcc/arm-none-eabi/9.2.1/../../../arm-none-eabi/lib/thumb/v7e-m+fp/hard/libc.a
END GROUP
START GROUP
LOAD /usr/lib/gcc/arm-none-eabi/9.2.1/thumb/v7e-m+fp/hard/libgcc.a
LOAD /usr/lib/gcc/arm-none-eabi/9.2.1/../../../arm-none-eabi/lib/thumb/v7e-m+fp/hard/libc.a
LOAD /usr/lib/gcc/arm-none-eabi/9.2.1/../../../arm-none-eabi/lib/thumb/v7e-m+fp/hard/libnosys.a
END GROUP
OUTPUT(bin/BioBPfree.axf elf32-littlearm)
LOAD linker stubs

.debug_info     0x0000000000000000    0x129d4
 .debug_info    0x0000000000000000     0x2273 bin/deepsleep_wake.o
 .debug_info    0x0000000000002273      0xadb bin/am_util_faultisr.o
 .debug_info    0x0000000000002d4e      0xd38 bin/am_devices_led.o
 .debug_info    0x0000000000003a86      0xbfa bin/heap_2.o
 .debug_info    0x0000000000004680      0xb5b bin/list.o
 .debug_info    0x00000000000051db     0x300f bin/tasks.o
 .debug_info    0x00000000000081ea     0x1ddd bin/port.o
 .debug_info    0x0000000000009fc7      0x19b bin/startup_gcc.o
 .debug_info    0x000000000000a162     0x170c bin/launch.o
 .debug_info    0x000000000000b86e      0xf6c bin/Adam_optimizer.o
 .debug_info    0x000000000000c7da     0x1029 bin/training_batch_norm.o
 .debug_info    0x000000000000d803     0x26b5 bin/training_conv.o
 .debug_info    0x000000000000feb8      0xa78 bin/training_loss_QOID.o
 .debug_info    0x0000000000010930     0x1111 bin/utils.o
 .debug_info    0x0000000000011a41      0xf21 /usr/lib/gcc/arm-none-eabi/9.2.1/../../../arm-none-eabi/lib/thumb/v7e-m+fp/hard/libc.a(lib_a-memset.o)
 .debug_info    0x0000000000012962       0x26 /usr/lib/gcc/arm-none-eabi/9.2.1/thumb/v7e-m+fp/hard/libgcc.a(_arm_addsubdf3.o)
 .debug_info    0x0000000000012988       0x26 /usr/lib/gcc/arm-none-eabi/9.2.1/thumb/v7e-m+fp/hard/libgcc.a(_arm_muldivdf3.o)
 .debug_info    0x00000000000129ae       0x26 /usr/lib/gcc/arm-none-eabi/9.2.1/thumb/v7e-m+fp/hard/libgcc.a(_arm_truncdfsf2.o)

.debug_abbrev   0x0000000000000000     0x2d29
 .debug_abbrev  0x0000000000000000      0x432 bin/deepsleep_wake.o
 .debug_abbrev  0x0000000000000432      0x268 bin/am_util_faultisr.o
 .debug_abbrev  0x000000000000069a      0x363 bin/am_devices_led.o
 .debug_abbrev  0x00000000000009fd      0x30f bin/heap_2.o
 .debug_abbrev  0x0000000000000d0c      0x236 bin/list.o
 .debug_abbrev  0x0000000000000f42      0x548 bin/tasks.o
 .debug_abbrev  0x000000000000148a      0x45d bin/port.o
 .debug_abbrev  0x00000000000018e7       0xf6 bin/startup_gcc.o
 .debug_abbrev  0x00000000000019dd      0x2ac bin/launch.o
 .debug_abbrev  0x0000000000001c89      0x2c7 bin/Adam_optimizer.o
 .debug_abbrev  0x0000000000001f50      0x2e0 bin/training_batch_norm.o
 .debug_abbrev  0x0000000000002230      0x47e bin/training_conv.o
 .debug_abbrev  0x00000000000026ae      0x1b0 bin/training_loss_QOID.o
 .debug_abbrev  0x000000000000285e      0x278 bin/utils.o
 .debug_abbrev  0x0000000000002ad6      0x217 /usr/lib/gcc/arm-none-eabi/9.2.1/../../../arm-none-eabi/lib/thumb/v7e-m+fp/hard/libc.a(lib_a-memset.o)
 .debug_abbrev  0x0000000000002ced       0x14 /usr/lib/gcc/arm-none-eabi/9.2.1/thumb/v7e-m+fp/hard/libgcc.a(_arm_addsubdf3.o)
 .debug_abbrev  0x0000000000002d01       0x14 /usr/lib/gcc/arm-none-eabi/9.2.1/thumb/v7e-m+fp/hard/libgcc.a(_arm_muldivdf3.o)
 .debug_abbrev  0x0000000000002d15       0x14 /usr/lib/gcc/arm-none-eabi/9.2.1/thumb/v7e-m+fp/hard/libgcc.a(_arm_truncdfsf2.o)

.debug_loc      0x0000000000000000     0x9dad
 .debug_loc     0x0000000000000000      0x164 bin/deepsleep_wake.o
 .debug_loc     0x0000000000000164       0x61 bin/am_util_faultisr.o
 .debug_loc     0x00000000000001c5      0x581 bin/am_devices_led.o
 .debug_loc     0x0000000000000746      0x297 bin/heap_2.o
 .debug_loc     0x00000000000009dd       0xbc bin/list.o
 .debug_loc     0x0000000000000a99     0x2711 bin/tasks.o
 .debug_loc     0x00000000000031aa      0x50a bin/port.o
 .debug_loc     0x00000000000036b4       0x9b bin/launch.o
 .debug_loc     0x000000000000374f      0x49f bin/Adam_optimizer.o
 .debug_loc     0x0000000000003bee      0x7e7 bin/training_batch_norm.o
 .debug_loc     0x00000000000043d5     0x37bb bin/training_conv.o
 .debug_loc     0x0000000000007b90     0x1522 bin/training_loss_QOID.o
 .debug_loc     0x00000000000090b2      0xaca bin/utils.o
 .debug_loc     0x0000000000009b7c      0x231 /usr/lib/gcc/arm-none-eabi/9.2.1/../../../arm-none-eabi/lib/thumb/v7e-m+fp/hard/libc.a(lib_a-memset.o)

.debug_aranges  0x0000000000000000      0x620
 .debug_aranges
                0x0000000000000000       0x48 bin/deepsleep_wake.o
 .debug_aranges
                0x0000000000000048       0x30 bin/am_util_faultisr.o
 .debug_aranges
                0x0000000000000078       0x58 bin/am_devices_led.o
 .debug_aranges
                0x00000000000000d0       0x38 bin/heap_2.o
 .debug_aranges
                0x0000000000000108       0x40 bin/list.o
 .debug_aranges
                0x0000000000000148      0x138 bin/tasks.o
 .debug_aranges
                0x0000000000000280       0xa0 bin/port.o
 .debug_aranges
                0x0000000000000320       0x38 bin/startup_gcc.o
 .debug_aranges
                0x0000000000000358       0x20 bin/launch.o
 .debug_aranges
                0x0000000000000378       0x38 bin/Adam_optimizer.o
 .debug_aranges
                0x00000000000003b0       0x60 bin/training_batch_norm.o
 .debug_aranges
                0x0000000000000410       0x88 bin/training_conv.o
 .debug_aranges
                0x0000000000000498       0x78 bin/training_loss_QOID.o
 .debug_aranges
                0x0000000000000510       0x90 bin/utils.o
 .debug_aranges
                0x00000000000005a0       0x20 /usr/lib/gcc/arm-none-eabi/9.2.1/../../../arm-none-eabi/lib/thumb/v7e-m+fp/hard/libc.a(lib_a-memset.o)
 .debug_aranges
                0x00000000000005c0       0x20 /usr/lib/gcc/arm-none-eabi/9.2.1/thumb/v7e-m+fp/hard/libgcc.a(_arm_addsubdf3.o)
 .debug_aranges
                0x00000000000005e0       0x20 /usr/lib/gcc/arm-none-eabi/9.2.1/thumb/v7e-m+fp/hard/libgcc.a(_arm_muldivdf3.o)
 .debug_aranges
                0x0000000000000600       0x20 /usr/lib/gcc/arm-none-eabi/9.2.1/thumb/v7e-m+fp/hard/libgcc.a(_arm_truncdfsf2.o)

.debug_ranges   0x0000000000000000     0x1280
 .debug_ranges  0x0000000000000000       0x50 bin/deepsleep_wake.o
 .debug_ranges  0x0000000000000050       0x20 bin/am_util_faultisr.o
 .debug_ranges  0x0000000000000070       0xc8 bin/am_devices_led.o
 .debug_ranges  0x0000000000000138       0x68 bin/heap_2.o
 .debug_ranges  0x00000000000001a0       0x30 bin/list.o
 .debug_ranges  0x00000000000001d0      0x5b0 bin/tasks.o
 .debug_ranges  0x0000000000000780      0x108 bin/port.o
 .debug_ranges  0x0000000000000888       0x28 bin/startup_gcc.o
 .debug_ranges  0x00000000000008b0       0x28 bin/launch.o
 .debug_ranges  0x00000000000008d8       0x88 bin/Adam_optimizer.o
 .debug_ranges  0x0000000000000960      0x168 bin/training_batch_norm.o
 .debug_ranges  0x0000000000000ac8      0x488 bin/training_conv.o
 .debug_ranges  0x0000000000000f50      0x148 bin/training_loss_QOID.o
 .debug_ranges  0x0000000000001098      0x1e8 bin/utils.o

.debug_line     0x0000000000000000     0x8454
 .debug_line    0x0000000000000000      0x59f bin/deepsleep_wake.o
 .debug_line    0x000000000000059f      0x432 bin/am_util_faultisr.o
 .debug_line    0x00000000000009d1      0x641 bin/am_devices_led.o
 .debug_line    0x0000000000001012      0x3df bin/heap_2.o
 .debug_line    0x00000000000013f1      0x33d bin/list.o
 .debug_line    0x000000000000172e     0x2767 bin/tasks.o
 .debug_line    0x0000000000003e95      0xc3c bin/port.o
 .debug_line    0x0000000000004ad1       0xf6 bin/startup_gcc.o
 .debug_line    0x0000000000004bc7      0x24b bin/launch.o
 .debug_line    0x0000000000004e12      0x465 bin/Adam_optimizer.o
 .debug_line    0x0000000000005277      0x76b bin/training_batch_norm.o
 .debug_line    0x00000000000059e2     0x1220 bin/training_conv.o
 .debug_line    0x0000000000006c02      0xa97 bin/training_loss_QOID.o
 .debug_line    0x0000000000007699      0x7a2 bin/utils.o
 .debug_line    0x0000000000007e3b      0x26b /usr/lib/gcc/arm-none-eabi/9.2.1/../../../arm-none-eabi/lib/thumb/v7e-m+fp/hard/libc.a(lib_a-memset.o)
 .debug_line    0x00000000000080a6      0x186 /usr/lib/gcc/arm-none-eabi/9.2.1/thumb/v7e-m+fp/hard/libgcc.a(_arm_addsubdf3.o)
 .debug_line    0x000000000000822c      0x19b /usr/lib/gcc/arm-none-eabi/9.2.1/thumb/v7e-m+fp/hard/libgcc.a(_arm_muldivdf3.o)
 .debug_line    0x00000000000083c7       0x8d /usr/lib/gcc/arm-none-eabi/9.2.1/thumb/v7e-m+fp/hard/libgcc.a(_arm_truncdfsf2.o)

.debug_str      0x0000000000000000     0x4ff7
 .debug_str     0x0000000000000000     0x2a71 bin/deepsleep_wake.o
                                       0x2b0e (size before relaxing)
 .debug_str     0x0000000000002a71      0x1d5 bin/am_util_faultisr.o
                                        0xc38 (size before relaxing)
 .debug_str     0x0000000000002c46      0x15c bin/am_devices_led.o
                                        0xe17 (size before relaxing)
 .debug_str     0x0000000000002da2      0x1b1 bin/heap_2.o
                                        0x77e (size before relaxing)
 .debug_str     0x0000000000002f53      0x162 bin/list.o
                                        0x729 (size before relaxing)
 .debug_str     0x00000000000030b5      0xabe bin/tasks.o
                                       0x11ee (size before relaxing)
 .debug_str     0x0000000000003b73      0x5c5 bin/port.o
                                       0x2474 (size before relaxing)
 .debug_str     0x0000000000004138       0x81 bin/startup_gcc.o
                                        0x265 (size before relaxing)
 .debug_str     0x00000000000041b9      0x2ec bin/launch.o
                                        0x8f6 (size before relaxing)
 .debug_str     0x00000000000044a5       0xce bin/Adam_optimizer.o
                                        0x74d (size before relaxing)
 .debug_str     0x0000000000004573       0xf4 bin/training_batch_norm.o
                                        0x763 (size before relaxing)
 .debug_str     0x0000000000004667      0x2e8 bin/training_conv.o
                                        0xab3 (size before relaxing)
 .debug_str     0x000000000000494f      0x170 bin/training_loss_QOID.o
                                        0x3b3 (size before relaxing)
 .debug_str     0x0000000000004abf       0xd9 bin/utils.o
                                        0x776 (size before relaxing)
 .debug_str     0x0000000000004b98      0x3b7 /usr/lib/gcc/arm-none-eabi/9.2.1/../../../arm-none-eabi/lib/thumb/v7e-m+fp/hard/libc.a(lib_a-memset.o)
                                        0x8cd (size before relaxing)
 .debug_str     0x0000000000004f4f       0xa8 /usr/lib/gcc/arm-none-eabi/9.2.1/thumb/v7e-m+fp/hard/libgcc.a(_arm_addsubdf3.o)
 .debug_str     0x0000000000004ff7       0xa8 /usr/lib/gcc/arm-none-eabi/9.2.1/thumb/v7e-m+fp/hard/libgcc.a(_arm_muldivdf3.o)
 .debug_str     0x0000000000004ff7       0xa8 /usr/lib/gcc/arm-none-eabi/9.2.1/thumb/v7e-m+fp/hard/libgcc.a(_arm_truncdfsf2.o)

.comment        0x0000000000000000       0xf0
 .comment       0x0000000000000000       0x59 bin/deepsleep_wake.o
                                         0x5a (size before relaxing)
 .comment       0x0000000000000059       0x5a bin/am_util_faultisr.o
 .comment       0x0000000000000059       0x5a bin/am_devices_led.o
 .comment       0x0000000000000059       0x5a bin/heap_2.o
 .comment       0x0000000000000059       0x5a bin/list.o
 .comment       0x0000000000000059       0x5a bin/tasks.o
 .comment       0x0000000000000059       0x5a bin/port.o
 .comment       0x0000000000000059       0x5a bin/startup_gcc.o
 .comment       0x0000000000000059       0x5a bin/launch.o
 .comment       0x0000000000000059       0x5a bin/Adam_optimizer.o
 .comment       0x0000000000000059       0x5a bin/training_batch_norm.o
 .comment       0x0000000000000059       0x5a bin/training_conv.o
 .comment       0x0000000000000059       0x5a bin/training_loss_QOID.o
 .comment       0x0000000000000059       0x5a bin/utils.o
 .comment       0x0000000000000059       0x4e /usr/lib/gcc/arm-none-eabi/9.2.1/../../../arm-none-eabi/lib/thumb/v7e-m+fp/hard/libc.a(lib_a-memset.o)
                                         0x4f (size before relaxing)
 .comment       0x00000000000000a7       0x49 ../../../bsp/gcc/bin/libam_bsp.a(am_bsp.o)
                                         0x4a (size before relaxing)
 .comment       0x00000000000000f0       0x4a ../../../../../mcu/apollo3/hal/gcc/bin/libam_hal.a(am_hal_cachectrl.o)
 .comment       0x00000000000000f0       0x4a ../../../../../mcu/apollo3/hal/gcc/bin/libam_hal.a(am_hal_clkgen.o)
 .comment       0x00000000000000f0       0x4a ../../../../../mcu/apollo3/hal/gcc/bin/libam_hal.a(am_hal_flash.o)
 .comment       0x00000000000000f0       0x4a ../../../../../mcu/apollo3/hal/gcc/bin/libam_hal.a(am_hal_gpio.o)
 .comment       0x00000000000000f0       0x4a ../../../../../mcu/apollo3/hal/gcc/bin/libam_hal.a(am_hal_interrupt.o)
 .comment       0x00000000000000f0       0x4a ../../../../../mcu/apollo3/hal/gcc/bin/libam_hal.a(am_hal_mcuctrl.o)
 .comment       0x00000000000000f0       0x4a ../../../../../mcu/apollo3/hal/gcc/bin/libam_hal.a(am_hal_pwrctrl.o)
 .comment       0x00000000000000f0       0x4a ../../../../../mcu/apollo3/hal/gcc/bin/libam_hal.a(am_hal_reset.o)
 .comment       0x00000000000000f0       0x4a ../../../../../mcu/apollo3/hal/gcc/bin/libam_hal.a(am_hal_rtc.o)
 .comment       0x00000000000000f0       0x4a ../../../../../mcu/apollo3/hal/gcc/bin/libam_hal.a(am_hal_stimer.o)
 .comment       0x00000000000000f0       0x4a ../../../../../mcu/apollo3/hal/gcc/bin/libam_hal.a(am_hal_sysctrl.o)
 .comment       0x00000000000000f0       0x4a ../../../../../mcu/apollo3/hal/gcc/bin/libam_hal.a(am_hal_global.o)

.debug_frame    0x0000000000000000     0x13a0
 .debug_frame   0x0000000000000000       0xd0 bin/deepsleep_wake.o
 .debug_frame   0x00000000000000d0       0x4c bin/am_util_faultisr.o
 .debug_frame   0x000000000000011c      0x130 bin/am_devices_led.o
 .debug_frame   0x000000000000024c       0x74 bin/heap_2.o
 .debug_frame   0x00000000000002c0       0x88 bin/list.o
 .debug_frame   0x0000000000000348      0x4d4 bin/tasks.o
 .debug_frame   0x000000000000081c      0x1a8 bin/port.o
 .debug_frame   0x00000000000009c4       0x50 bin/startup_gcc.o
 .debug_frame   0x0000000000000a14       0x50 bin/launch.o
 .debug_frame   0x0000000000000a64       0xe8 bin/Adam_optimizer.o
 .debug_frame   0x0000000000000b4c      0x148 bin/training_batch_norm.o
 .debug_frame   0x0000000000000c94      0x2ec bin/training_conv.o
 .debug_frame   0x0000000000000f80      0x180 bin/training_loss_QOID.o
 .debug_frame   0x0000000000001100      0x148 bin/utils.o
 .debug_frame   0x0000000000001248       0x38 /usr/lib/gcc/arm-none-eabi/9.2.1/../../../arm-none-eabi/lib/thumb/v7e-m+fp/hard/libc.a(lib_a-memset.o)
 .debug_frame   0x0000000000001280       0xac /usr/lib/gcc/arm-none-eabi/9.2.1/thumb/v7e-m+fp/hard/libgcc.a(_arm_addsubdf3.o)
 .debug_frame   0x000000000000132c       0x50 /usr/lib/gcc/arm-none-eabi/9.2.1/thumb/v7e-m+fp/hard/libgcc.a(_arm_muldivdf3.o)
 .debug_frame   0x000000000000137c       0x24 /usr/lib/gcc/arm-none-eabi/9.2.1/thumb/v7e-m+fp/hard/libgcc.a(_arm_truncdfsf2.o)

.stabstr        0x0000000000000000       0x4e
 .stabstr       0x0000000000000000       0x4e /usr/lib/gcc/arm-none-eabi/9.2.1/../../../arm-none-eabi/lib/thumb/v7e-m+fp/hard/libnosys.a(gettod.o)
